INFO:     Started server process [18731]
INFO:     Waiting for application startup.
INFO:apscheduler.scheduler:Adding job tentatively -- it will be properly scheduled when the scheduler starts
INFO:apscheduler.scheduler:Added job "run_pipeline" to job store "default"
INFO:apscheduler.scheduler:Scheduler started
INFO:     Application startup complete.
INFO:     Uvicorn running on http://0.0.0.0:8000 (Press CTRL+C to quit)
[scheduler] Started — pipeline runs every 6 hours
INFO:     127.0.0.1:36980 - "GET /predictions HTTP/1.1" 500 Internal Server Error
ERROR:    Exception in ASGI application
Traceback (most recent call last):
  File "/home/ubuntu/FInance_Sentiment_Score/fin_sense/venv/lib/python3.14/site-packages/uvicorn/protocols/http/httptools_impl.py", line 421, in run_asgi
    result = await app(  # type: ignore[func-returns-value]
             ^^^^^^^^^^^^^^^^^^^^^^^^^^^^^^^^^^^^^^^^^^^^^^
        self.scope, self.receive, self.send
        ^^^^^^^^^^^^^^^^^^^^^^^^^^^^^^^^^^^
    )
    ^
  File "/home/ubuntu/FInance_Sentiment_Score/fin_sense/venv/lib/python3.14/site-packages/uvicorn/middleware/proxy_headers.py", line 63, in __call__
    return await self.app(scope, receive, send)
           ^^^^^^^^^^^^^^^^^^^^^^^^^^^^^^^^^^^^
  File "/home/ubuntu/FInance_Sentiment_Score/fin_sense/venv/lib/python3.14/site-packages/fastapi/applications.py", line 1159, in __call__
    await super().__call__(scope, receive, send)
  File "/home/ubuntu/FInance_Sentiment_Score/fin_sense/venv/lib/python3.14/site-packages/starlette/applications.py", line 90, in __call__
    await self.middleware_stack(scope, receive, send)
  File "/home/ubuntu/FInance_Sentiment_Score/fin_sense/venv/lib/python3.14/site-packages/starlette/middleware/errors.py", line 186, in __call__
    raise exc
  File "/home/ubuntu/FInance_Sentiment_Score/fin_sense/venv/lib/python3.14/site-packages/starlette/middleware/errors.py", line 164, in __call__
    await self.app(scope, receive, _send)
  File "/home/ubuntu/FInance_Sentiment_Score/fin_sense/venv/lib/python3.14/site-packages/starlette/middleware/cors.py", line 88, in __call__
    await self.app(scope, receive, send)
  File "/home/ubuntu/FInance_Sentiment_Score/fin_sense/venv/lib/python3.14/site-packages/starlette/middleware/exceptions.py", line 63, in __call__
    await wrap_app_handling_exceptions(self.app, conn)(scope, receive, send)
  File "/home/ubuntu/FInance_Sentiment_Score/fin_sense/venv/lib/python3.14/site-packages/starlette/_exception_handler.py", line 53, in wrapped_app
    raise exc
  File "/home/ubuntu/FInance_Sentiment_Score/fin_sense/venv/lib/python3.14/site-packages/starlette/_exception_handler.py", line 42, in wrapped_app
    await app(scope, receive, sender)
  File "/home/ubuntu/FInance_Sentiment_Score/fin_sense/venv/lib/python3.14/site-packages/fastapi/middleware/asyncexitstack.py", line 18, in __call__
    await self.app(scope, receive, send)
  File "/home/ubuntu/FInance_Sentiment_Score/fin_sense/venv/lib/python3.14/site-packages/starlette/routing.py", line 660, in __call__
    await self.middleware_stack(scope, receive, send)
  File "/home/ubuntu/FInance_Sentiment_Score/fin_sense/venv/lib/python3.14/site-packages/starlette/routing.py", line 680, in app
    await route.handle(scope, receive, send)
  File "/home/ubuntu/FInance_Sentiment_Score/fin_sense/venv/lib/python3.14/site-packages/starlette/routing.py", line 276, in handle
    await self.app(scope, receive, send)
  File "/home/ubuntu/FInance_Sentiment_Score/fin_sense/venv/lib/python3.14/site-packages/fastapi/routing.py", line 134, in app
    await wrap_app_handling_exceptions(app, request)(scope, receive, send)
  File "/home/ubuntu/FInance_Sentiment_Score/fin_sense/venv/lib/python3.14/site-packages/starlette/_exception_handler.py", line 53, in wrapped_app
    raise exc
  File "/home/ubuntu/FInance_Sentiment_Score/fin_sense/venv/lib/python3.14/site-packages/starlette/_exception_handler.py", line 42, in wrapped_app
    await app(scope, receive, sender)
  File "/home/ubuntu/FInance_Sentiment_Score/fin_sense/venv/lib/python3.14/site-packages/fastapi/routing.py", line 120, in app
    response = await f(request)
               ^^^^^^^^^^^^^^^^
  File "/home/ubuntu/FInance_Sentiment_Score/fin_sense/venv/lib/python3.14/site-packages/fastapi/routing.py", line 674, in app
    raw_response = await run_endpoint_function(
                   ^^^^^^^^^^^^^^^^^^^^^^^^^^^^
    ...<3 lines>...
    )
    ^
  File "/home/ubuntu/FInance_Sentiment_Score/fin_sense/venv/lib/python3.14/site-packages/fastapi/routing.py", line 330, in run_endpoint_function
    return await run_in_threadpool(dependant.call, **values)
           ^^^^^^^^^^^^^^^^^^^^^^^^^^^^^^^^^^^^^^^^^^^^^^^^^
  File "/home/ubuntu/FInance_Sentiment_Score/fin_sense/venv/lib/python3.14/site-packages/starlette/concurrency.py", line 32, in run_in_threadpool
    return await anyio.to_thread.run_sync(func)
           ^^^^^^^^^^^^^^^^^^^^^^^^^^^^^^^^^^^^
  File "/home/ubuntu/FInance_Sentiment_Score/fin_sense/venv/lib/python3.14/site-packages/anyio/to_thread.py", line 63, in run_sync
    return await get_async_backend().run_sync_in_worker_thread(
           ^^^^^^^^^^^^^^^^^^^^^^^^^^^^^^^^^^^^^^^^^^^^^^^^^^^^
        func, args, abandon_on_cancel=abandon_on_cancel, limiter=limiter
        ^^^^^^^^^^^^^^^^^^^^^^^^^^^^^^^^^^^^^^^^^^^^^^^^^^^^^^^^^^^^^^^^
    )
    ^
  File "/home/ubuntu/FInance_Sentiment_Score/fin_sense/venv/lib/python3.14/site-packages/anyio/_backends/_asyncio.py", line 2518, in run_sync_in_worker_thread
    return await future
           ^^^^^^^^^^^^
  File "/home/ubuntu/FInance_Sentiment_Score/fin_sense/venv/lib/python3.14/site-packages/anyio/_backends/_asyncio.py", line 1002, in run
    result = context.run(func, *args)
  File "/home/ubuntu/FInance_Sentiment_Score/fin_sense/api/main.py", line 60, in get_predictions
    conn = sqlite3.connect(DB_PATH)
sqlite3.OperationalError: unable to open database file
INFO:     127.0.0.1:36984 - "GET /sentiment/trend?asset=nifty&days=7 HTTP/1.1" 500 Internal Server Error
ERROR:    Exception in ASGI application
Traceback (most recent call last):
  File "/home/ubuntu/FInance_Sentiment_Score/fin_sense/venv/lib/python3.14/site-packages/uvicorn/protocols/http/httptools_impl.py", line 421, in run_asgi
    result = await app(  # type: ignore[func-returns-value]
             ^^^^^^^^^^^^^^^^^^^^^^^^^^^^^^^^^^^^^^^^^^^^^^
        self.scope, self.receive, self.send
        ^^^^^^^^^^^^^^^^^^^^^^^^^^^^^^^^^^^
    )
    ^
  File "/home/ubuntu/FInance_Sentiment_Score/fin_sense/venv/lib/python3.14/site-packages/uvicorn/middleware/proxy_headers.py", line 63, in __call__
    return await self.app(scope, receive, send)
           ^^^^^^^^^^^^^^^^^^^^^^^^^^^^^^^^^^^^
  File "/home/ubuntu/FInance_Sentiment_Score/fin_sense/venv/lib/python3.14/site-packages/fastapi/applications.py", line 1159, in __call__
    await super().__call__(scope, receive, send)
  File "/home/ubuntu/FInance_Sentiment_Score/fin_sense/venv/lib/python3.14/site-packages/starlette/applications.py", line 90, in __call__
    await self.middleware_stack(scope, receive, send)
  File "/home/ubuntu/FInance_Sentiment_Score/fin_sense/venv/lib/python3.14/site-packages/starlette/middleware/errors.py", line 186, in __call__
    raise exc
  File "/home/ubuntu/FInance_Sentiment_Score/fin_sense/venv/lib/python3.14/site-packages/starlette/middleware/errors.py", line 164, in __call__
    await self.app(scope, receive, _send)
  File "/home/ubuntu/FInance_Sentiment_Score/fin_sense/venv/lib/python3.14/site-packages/starlette/middleware/cors.py", line 88, in __call__
    await self.app(scope, receive, send)
  File "/home/ubuntu/FInance_Sentiment_Score/fin_sense/venv/lib/python3.14/site-packages/starlette/middleware/exceptions.py", line 63, in __call__
    await wrap_app_handling_exceptions(self.app, conn)(scope, receive, send)
  File "/home/ubuntu/FInance_Sentiment_Score/fin_sense/venv/lib/python3.14/site-packages/starlette/_exception_handler.py", line 53, in wrapped_app
    raise exc
  File "/home/ubuntu/FInance_Sentiment_Score/fin_sense/venv/lib/python3.14/site-packages/starlette/_exception_handler.py", line 42, in wrapped_app
    await app(scope, receive, sender)
  File "/home/ubuntu/FInance_Sentiment_Score/fin_sense/venv/lib/python3.14/site-packages/fastapi/middleware/asyncexitstack.py", line 18, in __call__
    await self.app(scope, receive, send)
  File "/home/ubuntu/FInance_Sentiment_Score/fin_sense/venv/lib/python3.14/site-packages/starlette/routing.py", line 660, in __call__
    await self.middleware_stack(scope, receive, send)
  File "/home/ubuntu/FInance_Sentiment_Score/fin_sense/venv/lib/python3.14/site-packages/starlette/routing.py", line 680, in app
    await route.handle(scope, receive, send)
  File "/home/ubuntu/FInance_Sentiment_Score/fin_sense/venv/lib/python3.14/site-packages/starlette/routing.py", line 276, in handle
    await self.app(scope, receive, send)
  File "/home/ubuntu/FInance_Sentiment_Score/fin_sense/venv/lib/python3.14/site-packages/fastapi/routing.py", line 134, in app
    await wrap_app_handling_exceptions(app, request)(scope, receive, send)
  File "/home/ubuntu/FInance_Sentiment_Score/fin_sense/venv/lib/python3.14/site-packages/starlette/_exception_handler.py", line 53, in wrapped_app
    raise exc
  File "/home/ubuntu/FInance_Sentiment_Score/fin_sense/venv/lib/python3.14/site-packages/starlette/_exception_handler.py", line 42, in wrapped_app
    await app(scope, receive, sender)
  File "/home/ubuntu/FInance_Sentiment_Score/fin_sense/venv/lib/python3.14/site-packages/fastapi/routing.py", line 120, in app
    response = await f(request)
               ^^^^^^^^^^^^^^^^
  File "/home/ubuntu/FInance_Sentiment_Score/fin_sense/venv/lib/python3.14/site-packages/fastapi/routing.py", line 674, in app
    raw_response = await run_endpoint_function(
                   ^^^^^^^^^^^^^^^^^^^^^^^^^^^^
    ...<3 lines>...
    )
    ^
  File "/home/ubuntu/FInance_Sentiment_Score/fin_sense/venv/lib/python3.14/site-packages/fastapi/routing.py", line 330, in run_endpoint_function
    return await run_in_threadpool(dependant.call, **values)
           ^^^^^^^^^^^^^^^^^^^^^^^^^^^^^^^^^^^^^^^^^^^^^^^^^
  File "/home/ubuntu/FInance_Sentiment_Score/fin_sense/venv/lib/python3.14/site-packages/starlette/concurrency.py", line 32, in run_in_threadpool
    return await anyio.to_thread.run_sync(func)
           ^^^^^^^^^^^^^^^^^^^^^^^^^^^^^^^^^^^^
  File "/home/ubuntu/FInance_Sentiment_Score/fin_sense/venv/lib/python3.14/site-packages/anyio/to_thread.py", line 63, in run_sync
    return await get_async_backend().run_sync_in_worker_thread(
           ^^^^^^^^^^^^^^^^^^^^^^^^^^^^^^^^^^^^^^^^^^^^^^^^^^^^
        func, args, abandon_on_cancel=abandon_on_cancel, limiter=limiter
        ^^^^^^^^^^^^^^^^^^^^^^^^^^^^^^^^^^^^^^^^^^^^^^^^^^^^^^^^^^^^^^^^
    )
    ^
  File "/home/ubuntu/FInance_Sentiment_Score/fin_sense/venv/lib/python3.14/site-packages/anyio/_backends/_asyncio.py", line 2518, in run_sync_in_worker_thread
    return await future
           ^^^^^^^^^^^^
  File "/home/ubuntu/FInance_Sentiment_Score/fin_sense/venv/lib/python3.14/site-packages/anyio/_backends/_asyncio.py", line 1002, in run
    result = context.run(func, *args)
  File "/home/ubuntu/FInance_Sentiment_Score/fin_sense/api/main.py", line 93, in sentiment_trend
    conn = sqlite3.connect(DB_PATH)
sqlite3.OperationalError: unable to open database file
INFO:     127.0.0.1:36986 - "GET /news?limit=15 HTTP/1.1" 500 Internal Server Error
ERROR:    Exception in ASGI application
Traceback (most recent call last):
  File "/home/ubuntu/FInance_Sentiment_Score/fin_sense/venv/lib/python3.14/site-packages/uvicorn/protocols/http/httptools_impl.py", line 421, in run_asgi
    result = await app(  # type: ignore[func-returns-value]
             ^^^^^^^^^^^^^^^^^^^^^^^^^^^^^^^^^^^^^^^^^^^^^^
        self.scope, self.receive, self.send
        ^^^^^^^^^^^^^^^^^^^^^^^^^^^^^^^^^^^
    )
    ^
  File "/home/ubuntu/FInance_Sentiment_Score/fin_sense/venv/lib/python3.14/site-packages/uvicorn/middleware/proxy_headers.py", line 63, in __call__
    return await self.app(scope, receive, send)
           ^^^^^^^^^^^^^^^^^^^^^^^^^^^^^^^^^^^^
  File "/home/ubuntu/FInance_Sentiment_Score/fin_sense/venv/lib/python3.14/site-packages/fastapi/applications.py", line 1159, in __call__
    await super().__call__(scope, receive, send)
  File "/home/ubuntu/FInance_Sentiment_Score/fin_sense/venv/lib/python3.14/site-packages/starlette/applications.py", line 90, in __call__
    await self.middleware_stack(scope, receive, send)
  File "/home/ubuntu/FInance_Sentiment_Score/fin_sense/venv/lib/python3.14/site-packages/starlette/middleware/errors.py", line 186, in __call__
    raise exc
  File "/home/ubuntu/FInance_Sentiment_Score/fin_sense/venv/lib/python3.14/site-packages/starlette/middleware/errors.py", line 164, in __call__
    await self.app(scope, receive, _send)
  File "/home/ubuntu/FInance_Sentiment_Score/fin_sense/venv/lib/python3.14/site-packages/starlette/middleware/cors.py", line 88, in __call__
    await self.app(scope, receive, send)
  File "/home/ubuntu/FInance_Sentiment_Score/fin_sense/venv/lib/python3.14/site-packages/starlette/middleware/exceptions.py", line 63, in __call__
    await wrap_app_handling_exceptions(self.app, conn)(scope, receive, send)
  File "/home/ubuntu/FInance_Sentiment_Score/fin_sense/venv/lib/python3.14/site-packages/starlette/_exception_handler.py", line 53, in wrapped_app
    raise exc
  File "/home/ubuntu/FInance_Sentiment_Score/fin_sense/venv/lib/python3.14/site-packages/starlette/_exception_handler.py", line 42, in wrapped_app
    await app(scope, receive, sender)
  File "/home/ubuntu/FInance_Sentiment_Score/fin_sense/venv/lib/python3.14/site-packages/fastapi/middleware/asyncexitstack.py", line 18, in __call__
    await self.app(scope, receive, send)
  File "/home/ubuntu/FInance_Sentiment_Score/fin_sense/venv/lib/python3.14/site-packages/starlette/routing.py", line 660, in __call__
    await self.middleware_stack(scope, receive, send)
  File "/home/ubuntu/FInance_Sentiment_Score/fin_sense/venv/lib/python3.14/site-packages/starlette/routing.py", line 680, in app
    await route.handle(scope, receive, send)
  File "/home/ubuntu/FInance_Sentiment_Score/fin_sense/venv/lib/python3.14/site-packages/starlette/routing.py", line 276, in handle
    await self.app(scope, receive, send)
  File "/home/ubuntu/FInance_Sentiment_Score/fin_sense/venv/lib/python3.14/site-packages/fastapi/routing.py", line 134, in app
    await wrap_app_handling_exceptions(app, request)(scope, receive, send)
  File "/home/ubuntu/FInance_Sentiment_Score/fin_sense/venv/lib/python3.14/site-packages/starlette/_exception_handler.py", line 53, in wrapped_app
    raise exc
  File "/home/ubuntu/FInance_Sentiment_Score/fin_sense/venv/lib/python3.14/site-packages/starlette/_exception_handler.py", line 42, in wrapped_app
    await app(scope, receive, sender)
  File "/home/ubuntu/FInance_Sentiment_Score/fin_sense/venv/lib/python3.14/site-packages/fastapi/routing.py", line 120, in app
    response = await f(request)
               ^^^^^^^^^^^^^^^^
  File "/home/ubuntu/FInance_Sentiment_Score/fin_sense/venv/lib/python3.14/site-packages/fastapi/routing.py", line 674, in app
    raw_response = await run_endpoint_function(
                   ^^^^^^^^^^^^^^^^^^^^^^^^^^^^
    ...<3 lines>...
    )
    ^
  File "/home/ubuntu/FInance_Sentiment_Score/fin_sense/venv/lib/python3.14/site-packages/fastapi/routing.py", line 330, in run_endpoint_function
    return await run_in_threadpool(dependant.call, **values)
           ^^^^^^^^^^^^^^^^^^^^^^^^^^^^^^^^^^^^^^^^^^^^^^^^^
  File "/home/ubuntu/FInance_Sentiment_Score/fin_sense/venv/lib/python3.14/site-packages/starlette/concurrency.py", line 32, in run_in_threadpool
    return await anyio.to_thread.run_sync(func)
           ^^^^^^^^^^^^^^^^^^^^^^^^^^^^^^^^^^^^
  File "/home/ubuntu/FInance_Sentiment_Score/fin_sense/venv/lib/python3.14/site-packages/anyio/to_thread.py", line 63, in run_sync
    return await get_async_backend().run_sync_in_worker_thread(
           ^^^^^^^^^^^^^^^^^^^^^^^^^^^^^^^^^^^^^^^^^^^^^^^^^^^^
        func, args, abandon_on_cancel=abandon_on_cancel, limiter=limiter
        ^^^^^^^^^^^^^^^^^^^^^^^^^^^^^^^^^^^^^^^^^^^^^^^^^^^^^^^^^^^^^^^^
    )
    ^
  File "/home/ubuntu/FInance_Sentiment_Score/fin_sense/venv/lib/python3.14/site-packages/anyio/_backends/_asyncio.py", line 2518, in run_sync_in_worker_thread
    return await future
           ^^^^^^^^^^^^
  File "/home/ubuntu/FInance_Sentiment_Score/fin_sense/venv/lib/python3.14/site-packages/anyio/_backends/_asyncio.py", line 1002, in run
    result = context.run(func, *args)
  File "/home/ubuntu/FInance_Sentiment_Score/fin_sense/api/main.py", line 73, in get_news
    conn = sqlite3.connect(DB_PATH)
sqlite3.OperationalError: unable to open database file
INFO:     127.0.0.1:36998 - "GET /stats HTTP/1.1" 500 Internal Server Error
ERROR:    Exception in ASGI application
Traceback (most recent call last):
  File "/home/ubuntu/FInance_Sentiment_Score/fin_sense/venv/lib/python3.14/site-packages/uvicorn/protocols/http/httptools_impl.py", line 421, in run_asgi
    result = await app(  # type: ignore[func-returns-value]
             ^^^^^^^^^^^^^^^^^^^^^^^^^^^^^^^^^^^^^^^^^^^^^^
        self.scope, self.receive, self.send
        ^^^^^^^^^^^^^^^^^^^^^^^^^^^^^^^^^^^
    )
    ^
  File "/home/ubuntu/FInance_Sentiment_Score/fin_sense/venv/lib/python3.14/site-packages/uvicorn/middleware/proxy_headers.py", line 63, in __call__
    return await self.app(scope, receive, send)
           ^^^^^^^^^^^^^^^^^^^^^^^^^^^^^^^^^^^^
  File "/home/ubuntu/FInance_Sentiment_Score/fin_sense/venv/lib/python3.14/site-packages/fastapi/applications.py", line 1159, in __call__
    await super().__call__(scope, receive, send)
  File "/home/ubuntu/FInance_Sentiment_Score/fin_sense/venv/lib/python3.14/site-packages/starlette/applications.py", line 90, in __call__
    await self.middleware_stack(scope, receive, send)
  File "/home/ubuntu/FInance_Sentiment_Score/fin_sense/venv/lib/python3.14/site-packages/starlette/middleware/errors.py", line 186, in __call__
    raise exc
  File "/home/ubuntu/FInance_Sentiment_Score/fin_sense/venv/lib/python3.14/site-packages/starlette/middleware/errors.py", line 164, in __call__
    await self.app(scope, receive, _send)
  File "/home/ubuntu/FInance_Sentiment_Score/fin_sense/venv/lib/python3.14/site-packages/starlette/middleware/cors.py", line 88, in __call__
    await self.app(scope, receive, send)
  File "/home/ubuntu/FInance_Sentiment_Score/fin_sense/venv/lib/python3.14/site-packages/starlette/middleware/exceptions.py", line 63, in __call__
    await wrap_app_handling_exceptions(self.app, conn)(scope, receive, send)
  File "/home/ubuntu/FInance_Sentiment_Score/fin_sense/venv/lib/python3.14/site-packages/starlette/_exception_handler.py", line 53, in wrapped_app
    raise exc
  File "/home/ubuntu/FInance_Sentiment_Score/fin_sense/venv/lib/python3.14/site-packages/starlette/_exception_handler.py", line 42, in wrapped_app
    await app(scope, receive, sender)
  File "/home/ubuntu/FInance_Sentiment_Score/fin_sense/venv/lib/python3.14/site-packages/fastapi/middleware/asyncexitstack.py", line 18, in __call__
    await self.app(scope, receive, send)
  File "/home/ubuntu/FInance_Sentiment_Score/fin_sense/venv/lib/python3.14/site-packages/starlette/routing.py", line 660, in __call__
    await self.middleware_stack(scope, receive, send)
  File "/home/ubuntu/FInance_Sentiment_Score/fin_sense/venv/lib/python3.14/site-packages/starlette/routing.py", line 680, in app
    await route.handle(scope, receive, send)
  File "/home/ubuntu/FInance_Sentiment_Score/fin_sense/venv/lib/python3.14/site-packages/starlette/routing.py", line 276, in handle
    await self.app(scope, receive, send)
  File "/home/ubuntu/FInance_Sentiment_Score/fin_sense/venv/lib/python3.14/site-packages/fastapi/routing.py", line 134, in app
    await wrap_app_handling_exceptions(app, request)(scope, receive, send)
  File "/home/ubuntu/FInance_Sentiment_Score/fin_sense/venv/lib/python3.14/site-packages/starlette/_exception_handler.py", line 53, in wrapped_app
    raise exc
  File "/home/ubuntu/FInance_Sentiment_Score/fin_sense/venv/lib/python3.14/site-packages/starlette/_exception_handler.py", line 42, in wrapped_app
    await app(scope, receive, sender)
  File "/home/ubuntu/FInance_Sentiment_Score/fin_sense/venv/lib/python3.14/site-packages/fastapi/routing.py", line 120, in app
    response = await f(request)
               ^^^^^^^^^^^^^^^^
  File "/home/ubuntu/FInance_Sentiment_Score/fin_sense/venv/lib/python3.14/site-packages/fastapi/routing.py", line 674, in app
    raw_response = await run_endpoint_function(
                   ^^^^^^^^^^^^^^^^^^^^^^^^^^^^
    ...<3 lines>...
    )
    ^
  File "/home/ubuntu/FInance_Sentiment_Score/fin_sense/venv/lib/python3.14/site-packages/fastapi/routing.py", line 330, in run_endpoint_function
    return await run_in_threadpool(dependant.call, **values)
           ^^^^^^^^^^^^^^^^^^^^^^^^^^^^^^^^^^^^^^^^^^^^^^^^^
  File "/home/ubuntu/FInance_Sentiment_Score/fin_sense/venv/lib/python3.14/site-packages/starlette/concurrency.py", line 32, in run_in_threadpool
    return await anyio.to_thread.run_sync(func)
           ^^^^^^^^^^^^^^^^^^^^^^^^^^^^^^^^^^^^
  File "/home/ubuntu/FInance_Sentiment_Score/fin_sense/venv/lib/python3.14/site-packages/anyio/to_thread.py", line 63, in run_sync
    return await get_async_backend().run_sync_in_worker_thread(
           ^^^^^^^^^^^^^^^^^^^^^^^^^^^^^^^^^^^^^^^^^^^^^^^^^^^^
        func, args, abandon_on_cancel=abandon_on_cancel, limiter=limiter
        ^^^^^^^^^^^^^^^^^^^^^^^^^^^^^^^^^^^^^^^^^^^^^^^^^^^^^^^^^^^^^^^^
    )
    ^
  File "/home/ubuntu/FInance_Sentiment_Score/fin_sense/venv/lib/python3.14/site-packages/anyio/_backends/_asyncio.py", line 2518, in run_sync_in_worker_thread
    return await future
           ^^^^^^^^^^^^
  File "/home/ubuntu/FInance_Sentiment_Score/fin_sense/venv/lib/python3.14/site-packages/anyio/_backends/_asyncio.py", line 1002, in run
    result = context.run(func, *args)
  File "/home/ubuntu/FInance_Sentiment_Score/fin_sense/api/main.py", line 135, in stats
    conn = sqlite3.connect(DB_PATH)
sqlite3.OperationalError: unable to open database file
INFO:     127.0.0.1:52168 - "GET /predictions HTTP/1.1" 500 Internal Server Error
ERROR:    Exception in ASGI application
Traceback (most recent call last):
  File "/home/ubuntu/FInance_Sentiment_Score/fin_sense/venv/lib/python3.14/site-packages/uvicorn/protocols/http/httptools_impl.py", line 421, in run_asgi
    result = await app(  # type: ignore[func-returns-value]
             ^^^^^^^^^^^^^^^^^^^^^^^^^^^^^^^^^^^^^^^^^^^^^^
        self.scope, self.receive, self.send
        ^^^^^^^^^^^^^^^^^^^^^^^^^^^^^^^^^^^
    )
    ^
  File "/home/ubuntu/FInance_Sentiment_Score/fin_sense/venv/lib/python3.14/site-packages/uvicorn/middleware/proxy_headers.py", line 63, in __call__
    return await self.app(scope, receive, send)
           ^^^^^^^^^^^^^^^^^^^^^^^^^^^^^^^^^^^^
  File "/home/ubuntu/FInance_Sentiment_Score/fin_sense/venv/lib/python3.14/site-packages/fastapi/applications.py", line 1159, in __call__
    await super().__call__(scope, receive, send)
  File "/home/ubuntu/FInance_Sentiment_Score/fin_sense/venv/lib/python3.14/site-packages/starlette/applications.py", line 90, in __call__
    await self.middleware_stack(scope, receive, send)
  File "/home/ubuntu/FInance_Sentiment_Score/fin_sense/venv/lib/python3.14/site-packages/starlette/middleware/errors.py", line 186, in __call__
    raise exc
  File "/home/ubuntu/FInance_Sentiment_Score/fin_sense/venv/lib/python3.14/site-packages/starlette/middleware/errors.py", line 164, in __call__
    await self.app(scope, receive, _send)
  File "/home/ubuntu/FInance_Sentiment_Score/fin_sense/venv/lib/python3.14/site-packages/starlette/middleware/cors.py", line 88, in __call__
    await self.app(scope, receive, send)
  File "/home/ubuntu/FInance_Sentiment_Score/fin_sense/venv/lib/python3.14/site-packages/starlette/middleware/exceptions.py", line 63, in __call__
    await wrap_app_handling_exceptions(self.app, conn)(scope, receive, send)
  File "/home/ubuntu/FInance_Sentiment_Score/fin_sense/venv/lib/python3.14/site-packages/starlette/_exception_handler.py", line 53, in wrapped_app
    raise exc
  File "/home/ubuntu/FInance_Sentiment_Score/fin_sense/venv/lib/python3.14/site-packages/starlette/_exception_handler.py", line 42, in wrapped_app
    await app(scope, receive, sender)
  File "/home/ubuntu/FInance_Sentiment_Score/fin_sense/venv/lib/python3.14/site-packages/fastapi/middleware/asyncexitstack.py", line 18, in __call__
    await self.app(scope, receive, send)
  File "/home/ubuntu/FInance_Sentiment_Score/fin_sense/venv/lib/python3.14/site-packages/starlette/routing.py", line 660, in __call__
    await self.middleware_stack(scope, receive, send)
  File "/home/ubuntu/FInance_Sentiment_Score/fin_sense/venv/lib/python3.14/site-packages/starlette/routing.py", line 680, in app
    await route.handle(scope, receive, send)
  File "/home/ubuntu/FInance_Sentiment_Score/fin_sense/venv/lib/python3.14/site-packages/starlette/routing.py", line 276, in handle
    await self.app(scope, receive, send)
  File "/home/ubuntu/FInance_Sentiment_Score/fin_sense/venv/lib/python3.14/site-packages/fastapi/routing.py", line 134, in app
    await wrap_app_handling_exceptions(app, request)(scope, receive, send)
  File "/home/ubuntu/FInance_Sentiment_Score/fin_sense/venv/lib/python3.14/site-packages/starlette/_exception_handler.py", line 53, in wrapped_app
    raise exc
  File "/home/ubuntu/FInance_Sentiment_Score/fin_sense/venv/lib/python3.14/site-packages/starlette/_exception_handler.py", line 42, in wrapped_app
    await app(scope, receive, sender)
  File "/home/ubuntu/FInance_Sentiment_Score/fin_sense/venv/lib/python3.14/site-packages/fastapi/routing.py", line 120, in app
    response = await f(request)
               ^^^^^^^^^^^^^^^^
  File "/home/ubuntu/FInance_Sentiment_Score/fin_sense/venv/lib/python3.14/site-packages/fastapi/routing.py", line 674, in app
    raw_response = await run_endpoint_function(
                   ^^^^^^^^^^^^^^^^^^^^^^^^^^^^
    ...<3 lines>...
    )
    ^
  File "/home/ubuntu/FInance_Sentiment_Score/fin_sense/venv/lib/python3.14/site-packages/fastapi/routing.py", line 330, in run_endpoint_function
    return await run_in_threadpool(dependant.call, **values)
           ^^^^^^^^^^^^^^^^^^^^^^^^^^^^^^^^^^^^^^^^^^^^^^^^^
  File "/home/ubuntu/FInance_Sentiment_Score/fin_sense/venv/lib/python3.14/site-packages/starlette/concurrency.py", line 32, in run_in_threadpool
    return await anyio.to_thread.run_sync(func)
           ^^^^^^^^^^^^^^^^^^^^^^^^^^^^^^^^^^^^
  File "/home/ubuntu/FInance_Sentiment_Score/fin_sense/venv/lib/python3.14/site-packages/anyio/to_thread.py", line 63, in run_sync
    return await get_async_backend().run_sync_in_worker_thread(
           ^^^^^^^^^^^^^^^^^^^^^^^^^^^^^^^^^^^^^^^^^^^^^^^^^^^^
        func, args, abandon_on_cancel=abandon_on_cancel, limiter=limiter
        ^^^^^^^^^^^^^^^^^^^^^^^^^^^^^^^^^^^^^^^^^^^^^^^^^^^^^^^^^^^^^^^^
    )
    ^
  File "/home/ubuntu/FInance_Sentiment_Score/fin_sense/venv/lib/python3.14/site-packages/anyio/_backends/_asyncio.py", line 2518, in run_sync_in_worker_thread
    return await future
           ^^^^^^^^^^^^
  File "/home/ubuntu/FInance_Sentiment_Score/fin_sense/venv/lib/python3.14/site-packages/anyio/_backends/_asyncio.py", line 1002, in run
    result = context.run(func, *args)
  File "/home/ubuntu/FInance_Sentiment_Score/fin_sense/api/main.py", line 60, in get_predictions
    conn = sqlite3.connect(DB_PATH)
sqlite3.OperationalError: unable to open database file
INFO:     127.0.0.1:52180 - "GET /sentiment/trend?asset=nifty&days=7 HTTP/1.1" 500 Internal Server Error
ERROR:    Exception in ASGI application
Traceback (most recent call last):
  File "/home/ubuntu/FInance_Sentiment_Score/fin_sense/venv/lib/python3.14/site-packages/uvicorn/protocols/http/httptools_impl.py", line 421, in run_asgi
    result = await app(  # type: ignore[func-returns-value]
             ^^^^^^^^^^^^^^^^^^^^^^^^^^^^^^^^^^^^^^^^^^^^^^
        self.scope, self.receive, self.send
        ^^^^^^^^^^^^^^^^^^^^^^^^^^^^^^^^^^^
    )
    ^
  File "/home/ubuntu/FInance_Sentiment_Score/fin_sense/venv/lib/python3.14/site-packages/uvicorn/middleware/proxy_headers.py", line 63, in __call__
    return await self.app(scope, receive, send)
           ^^^^^^^^^^^^^^^^^^^^^^^^^^^^^^^^^^^^
  File "/home/ubuntu/FInance_Sentiment_Score/fin_sense/venv/lib/python3.14/site-packages/fastapi/applications.py", line 1159, in __call__
    await super().__call__(scope, receive, send)
  File "/home/ubuntu/FInance_Sentiment_Score/fin_sense/venv/lib/python3.14/site-packages/starlette/applications.py", line 90, in __call__
    await self.middleware_stack(scope, receive, send)
  File "/home/ubuntu/FInance_Sentiment_Score/fin_sense/venv/lib/python3.14/site-packages/starlette/middleware/errors.py", line 186, in __call__
    raise exc
  File "/home/ubuntu/FInance_Sentiment_Score/fin_sense/venv/lib/python3.14/site-packages/starlette/middleware/errors.py", line 164, in __call__
    await self.app(scope, receive, _send)
  File "/home/ubuntu/FInance_Sentiment_Score/fin_sense/venv/lib/python3.14/site-packages/starlette/middleware/cors.py", line 88, in __call__
    await self.app(scope, receive, send)
  File "/home/ubuntu/FInance_Sentiment_Score/fin_sense/venv/lib/python3.14/site-packages/starlette/middleware/exceptions.py", line 63, in __call__
    await wrap_app_handling_exceptions(self.app, conn)(scope, receive, send)
  File "/home/ubuntu/FInance_Sentiment_Score/fin_sense/venv/lib/python3.14/site-packages/starlette/_exception_handler.py", line 53, in wrapped_app
    raise exc
  File "/home/ubuntu/FInance_Sentiment_Score/fin_sense/venv/lib/python3.14/site-packages/starlette/_exception_handler.py", line 42, in wrapped_app
    await app(scope, receive, sender)
  File "/home/ubuntu/FInance_Sentiment_Score/fin_sense/venv/lib/python3.14/site-packages/fastapi/middleware/asyncexitstack.py", line 18, in __call__
    await self.app(scope, receive, send)
  File "/home/ubuntu/FInance_Sentiment_Score/fin_sense/venv/lib/python3.14/site-packages/starlette/routing.py", line 660, in __call__
    await self.middleware_stack(scope, receive, send)
  File "/home/ubuntu/FInance_Sentiment_Score/fin_sense/venv/lib/python3.14/site-packages/starlette/routing.py", line 680, in app
    await route.handle(scope, receive, send)
  File "/home/ubuntu/FInance_Sentiment_Score/fin_sense/venv/lib/python3.14/site-packages/starlette/routing.py", line 276, in handle
    await self.app(scope, receive, send)
  File "/home/ubuntu/FInance_Sentiment_Score/fin_sense/venv/lib/python3.14/site-packages/fastapi/routing.py", line 134, in app
    await wrap_app_handling_exceptions(app, request)(scope, receive, send)
  File "/home/ubuntu/FInance_Sentiment_Score/fin_sense/venv/lib/python3.14/site-packages/starlette/_exception_handler.py", line 53, in wrapped_app
    raise exc
  File "/home/ubuntu/FInance_Sentiment_Score/fin_sense/venv/lib/python3.14/site-packages/starlette/_exception_handler.py", line 42, in wrapped_app
    await app(scope, receive, sender)
  File "/home/ubuntu/FInance_Sentiment_Score/fin_sense/venv/lib/python3.14/site-packages/fastapi/routing.py", line 120, in app
    response = await f(request)
               ^^^^^^^^^^^^^^^^
  File "/home/ubuntu/FInance_Sentiment_Score/fin_sense/venv/lib/python3.14/site-packages/fastapi/routing.py", line 674, in app
    raw_response = await run_endpoint_function(
                   ^^^^^^^^^^^^^^^^^^^^^^^^^^^^
    ...<3 lines>...
    )
    ^
  File "/home/ubuntu/FInance_Sentiment_Score/fin_sense/venv/lib/python3.14/site-packages/fastapi/routing.py", line 330, in run_endpoint_function
    return await run_in_threadpool(dependant.call, **values)
           ^^^^^^^^^^^^^^^^^^^^^^^^^^^^^^^^^^^^^^^^^^^^^^^^^
  File "/home/ubuntu/FInance_Sentiment_Score/fin_sense/venv/lib/python3.14/site-packages/starlette/concurrency.py", line 32, in run_in_threadpool
    return await anyio.to_thread.run_sync(func)
           ^^^^^^^^^^^^^^^^^^^^^^^^^^^^^^^^^^^^
  File "/home/ubuntu/FInance_Sentiment_Score/fin_sense/venv/lib/python3.14/site-packages/anyio/to_thread.py", line 63, in run_sync
    return await get_async_backend().run_sync_in_worker_thread(
           ^^^^^^^^^^^^^^^^^^^^^^^^^^^^^^^^^^^^^^^^^^^^^^^^^^^^
        func, args, abandon_on_cancel=abandon_on_cancel, limiter=limiter
        ^^^^^^^^^^^^^^^^^^^^^^^^^^^^^^^^^^^^^^^^^^^^^^^^^^^^^^^^^^^^^^^^
    )
    ^
  File "/home/ubuntu/FInance_Sentiment_Score/fin_sense/venv/lib/python3.14/site-packages/anyio/_backends/_asyncio.py", line 2518, in run_sync_in_worker_thread
    return await future
           ^^^^^^^^^^^^
  File "/home/ubuntu/FInance_Sentiment_Score/fin_sense/venv/lib/python3.14/site-packages/anyio/_backends/_asyncio.py", line 1002, in run
    result = context.run(func, *args)
  File "/home/ubuntu/FInance_Sentiment_Score/fin_sense/api/main.py", line 93, in sentiment_trend
    conn = sqlite3.connect(DB_PATH)
sqlite3.OperationalError: unable to open database file
INFO:     127.0.0.1:52194 - "GET /news?limit=15 HTTP/1.1" 500 Internal Server Error
ERROR:    Exception in ASGI application
Traceback (most recent call last):
  File "/home/ubuntu/FInance_Sentiment_Score/fin_sense/venv/lib/python3.14/site-packages/uvicorn/protocols/http/httptools_impl.py", line 421, in run_asgi
    result = await app(  # type: ignore[func-returns-value]
             ^^^^^^^^^^^^^^^^^^^^^^^^^^^^^^^^^^^^^^^^^^^^^^
        self.scope, self.receive, self.send
        ^^^^^^^^^^^^^^^^^^^^^^^^^^^^^^^^^^^
    )
    ^
  File "/home/ubuntu/FInance_Sentiment_Score/fin_sense/venv/lib/python3.14/site-packages/uvicorn/middleware/proxy_headers.py", line 63, in __call__
    return await self.app(scope, receive, send)
           ^^^^^^^^^^^^^^^^^^^^^^^^^^^^^^^^^^^^
  File "/home/ubuntu/FInance_Sentiment_Score/fin_sense/venv/lib/python3.14/site-packages/fastapi/applications.py", line 1159, in __call__
    await super().__call__(scope, receive, send)
  File "/home/ubuntu/FInance_Sentiment_Score/fin_sense/venv/lib/python3.14/site-packages/starlette/applications.py", line 90, in __call__
    await self.middleware_stack(scope, receive, send)
  File "/home/ubuntu/FInance_Sentiment_Score/fin_sense/venv/lib/python3.14/site-packages/starlette/middleware/errors.py", line 186, in __call__
    raise exc
  File "/home/ubuntu/FInance_Sentiment_Score/fin_sense/venv/lib/python3.14/site-packages/starlette/middleware/errors.py", line 164, in __call__
    await self.app(scope, receive, _send)
  File "/home/ubuntu/FInance_Sentiment_Score/fin_sense/venv/lib/python3.14/site-packages/starlette/middleware/cors.py", line 88, in __call__
    await self.app(scope, receive, send)
  File "/home/ubuntu/FInance_Sentiment_Score/fin_sense/venv/lib/python3.14/site-packages/starlette/middleware/exceptions.py", line 63, in __call__
    await wrap_app_handling_exceptions(self.app, conn)(scope, receive, send)
  File "/home/ubuntu/FInance_Sentiment_Score/fin_sense/venv/lib/python3.14/site-packages/starlette/_exception_handler.py", line 53, in wrapped_app
    raise exc
  File "/home/ubuntu/FInance_Sentiment_Score/fin_sense/venv/lib/python3.14/site-packages/starlette/_exception_handler.py", line 42, in wrapped_app
    await app(scope, receive, sender)
  File "/home/ubuntu/FInance_Sentiment_Score/fin_sense/venv/lib/python3.14/site-packages/fastapi/middleware/asyncexitstack.py", line 18, in __call__
    await self.app(scope, receive, send)
  File "/home/ubuntu/FInance_Sentiment_Score/fin_sense/venv/lib/python3.14/site-packages/starlette/routing.py", line 660, in __call__
    await self.middleware_stack(scope, receive, send)
  File "/home/ubuntu/FInance_Sentiment_Score/fin_sense/venv/lib/python3.14/site-packages/starlette/routing.py", line 680, in app
    await route.handle(scope, receive, send)
  File "/home/ubuntu/FInance_Sentiment_Score/fin_sense/venv/lib/python3.14/site-packages/starlette/routing.py", line 276, in handle
    await self.app(scope, receive, send)
  File "/home/ubuntu/FInance_Sentiment_Score/fin_sense/venv/lib/python3.14/site-packages/fastapi/routing.py", line 134, in app
    await wrap_app_handling_exceptions(app, request)(scope, receive, send)
  File "/home/ubuntu/FInance_Sentiment_Score/fin_sense/venv/lib/python3.14/site-packages/starlette/_exception_handler.py", line 53, in wrapped_app
    raise exc
  File "/home/ubuntu/FInance_Sentiment_Score/fin_sense/venv/lib/python3.14/site-packages/starlette/_exception_handler.py", line 42, in wrapped_app
    await app(scope, receive, sender)
  File "/home/ubuntu/FInance_Sentiment_Score/fin_sense/venv/lib/python3.14/site-packages/fastapi/routing.py", line 120, in app
    response = await f(request)
               ^^^^^^^^^^^^^^^^
  File "/home/ubuntu/FInance_Sentiment_Score/fin_sense/venv/lib/python3.14/site-packages/fastapi/routing.py", line 674, in app
    raw_response = await run_endpoint_function(
                   ^^^^^^^^^^^^^^^^^^^^^^^^^^^^
    ...<3 lines>...
    )
    ^
  File "/home/ubuntu/FInance_Sentiment_Score/fin_sense/venv/lib/python3.14/site-packages/fastapi/routing.py", line 330, in run_endpoint_function
    return await run_in_threadpool(dependant.call, **values)
           ^^^^^^^^^^^^^^^^^^^^^^^^^^^^^^^^^^^^^^^^^^^^^^^^^
  File "/home/ubuntu/FInance_Sentiment_Score/fin_sense/venv/lib/python3.14/site-packages/starlette/concurrency.py", line 32, in run_in_threadpool
    return await anyio.to_thread.run_sync(func)
           ^^^^^^^^^^^^^^^^^^^^^^^^^^^^^^^^^^^^
  File "/home/ubuntu/FInance_Sentiment_Score/fin_sense/venv/lib/python3.14/site-packages/anyio/to_thread.py", line 63, in run_sync
    return await get_async_backend().run_sync_in_worker_thread(
           ^^^^^^^^^^^^^^^^^^^^^^^^^^^^^^^^^^^^^^^^^^^^^^^^^^^^
        func, args, abandon_on_cancel=abandon_on_cancel, limiter=limiter
        ^^^^^^^^^^^^^^^^^^^^^^^^^^^^^^^^^^^^^^^^^^^^^^^^^^^^^^^^^^^^^^^^
    )
    ^
  File "/home/ubuntu/FInance_Sentiment_Score/fin_sense/venv/lib/python3.14/site-packages/anyio/_backends/_asyncio.py", line 2518, in run_sync_in_worker_thread
    return await future
           ^^^^^^^^^^^^
  File "/home/ubuntu/FInance_Sentiment_Score/fin_sense/venv/lib/python3.14/site-packages/anyio/_backends/_asyncio.py", line 1002, in run
    result = context.run(func, *args)
  File "/home/ubuntu/FInance_Sentiment_Score/fin_sense/api/main.py", line 73, in get_news
    conn = sqlite3.connect(DB_PATH)
sqlite3.OperationalError: unable to open database file
INFO:     127.0.0.1:52200 - "GET /stats HTTP/1.1" 500 Internal Server Error
ERROR:    Exception in ASGI application
Traceback (most recent call last):
  File "/home/ubuntu/FInance_Sentiment_Score/fin_sense/venv/lib/python3.14/site-packages/uvicorn/protocols/http/httptools_impl.py", line 421, in run_asgi
    result = await app(  # type: ignore[func-returns-value]
             ^^^^^^^^^^^^^^^^^^^^^^^^^^^^^^^^^^^^^^^^^^^^^^
        self.scope, self.receive, self.send
        ^^^^^^^^^^^^^^^^^^^^^^^^^^^^^^^^^^^
    )
    ^
  File "/home/ubuntu/FInance_Sentiment_Score/fin_sense/venv/lib/python3.14/site-packages/uvicorn/middleware/proxy_headers.py", line 63, in __call__
    return await self.app(scope, receive, send)
           ^^^^^^^^^^^^^^^^^^^^^^^^^^^^^^^^^^^^
  File "/home/ubuntu/FInance_Sentiment_Score/fin_sense/venv/lib/python3.14/site-packages/fastapi/applications.py", line 1159, in __call__
    await super().__call__(scope, receive, send)
  File "/home/ubuntu/FInance_Sentiment_Score/fin_sense/venv/lib/python3.14/site-packages/starlette/applications.py", line 90, in __call__
    await self.middleware_stack(scope, receive, send)
  File "/home/ubuntu/FInance_Sentiment_Score/fin_sense/venv/lib/python3.14/site-packages/starlette/middleware/errors.py", line 186, in __call__
    raise exc
  File "/home/ubuntu/FInance_Sentiment_Score/fin_sense/venv/lib/python3.14/site-packages/starlette/middleware/errors.py", line 164, in __call__
    await self.app(scope, receive, _send)
  File "/home/ubuntu/FInance_Sentiment_Score/fin_sense/venv/lib/python3.14/site-packages/starlette/middleware/cors.py", line 88, in __call__
    await self.app(scope, receive, send)
  File "/home/ubuntu/FInance_Sentiment_Score/fin_sense/venv/lib/python3.14/site-packages/starlette/middleware/exceptions.py", line 63, in __call__
    await wrap_app_handling_exceptions(self.app, conn)(scope, receive, send)
  File "/home/ubuntu/FInance_Sentiment_Score/fin_sense/venv/lib/python3.14/site-packages/starlette/_exception_handler.py", line 53, in wrapped_app
    raise exc
  File "/home/ubuntu/FInance_Sentiment_Score/fin_sense/venv/lib/python3.14/site-packages/starlette/_exception_handler.py", line 42, in wrapped_app
    await app(scope, receive, sender)
  File "/home/ubuntu/FInance_Sentiment_Score/fin_sense/venv/lib/python3.14/site-packages/fastapi/middleware/asyncexitstack.py", line 18, in __call__
    await self.app(scope, receive, send)
  File "/home/ubuntu/FInance_Sentiment_Score/fin_sense/venv/lib/python3.14/site-packages/starlette/routing.py", line 660, in __call__
    await self.middleware_stack(scope, receive, send)
  File "/home/ubuntu/FInance_Sentiment_Score/fin_sense/venv/lib/python3.14/site-packages/starlette/routing.py", line 680, in app
    await route.handle(scope, receive, send)
  File "/home/ubuntu/FInance_Sentiment_Score/fin_sense/venv/lib/python3.14/site-packages/starlette/routing.py", line 276, in handle
    await self.app(scope, receive, send)
  File "/home/ubuntu/FInance_Sentiment_Score/fin_sense/venv/lib/python3.14/site-packages/fastapi/routing.py", line 134, in app
    await wrap_app_handling_exceptions(app, request)(scope, receive, send)
  File "/home/ubuntu/FInance_Sentiment_Score/fin_sense/venv/lib/python3.14/site-packages/starlette/_exception_handler.py", line 53, in wrapped_app
    raise exc
  File "/home/ubuntu/FInance_Sentiment_Score/fin_sense/venv/lib/python3.14/site-packages/starlette/_exception_handler.py", line 42, in wrapped_app
    await app(scope, receive, sender)
  File "/home/ubuntu/FInance_Sentiment_Score/fin_sense/venv/lib/python3.14/site-packages/fastapi/routing.py", line 120, in app
    response = await f(request)
               ^^^^^^^^^^^^^^^^
  File "/home/ubuntu/FInance_Sentiment_Score/fin_sense/venv/lib/python3.14/site-packages/fastapi/routing.py", line 674, in app
    raw_response = await run_endpoint_function(
                   ^^^^^^^^^^^^^^^^^^^^^^^^^^^^
    ...<3 lines>...
    )
    ^
  File "/home/ubuntu/FInance_Sentiment_Score/fin_sense/venv/lib/python3.14/site-packages/fastapi/routing.py", line 330, in run_endpoint_function
    return await run_in_threadpool(dependant.call, **values)
           ^^^^^^^^^^^^^^^^^^^^^^^^^^^^^^^^^^^^^^^^^^^^^^^^^
  File "/home/ubuntu/FInance_Sentiment_Score/fin_sense/venv/lib/python3.14/site-packages/starlette/concurrency.py", line 32, in run_in_threadpool
    return await anyio.to_thread.run_sync(func)
           ^^^^^^^^^^^^^^^^^^^^^^^^^^^^^^^^^^^^
  File "/home/ubuntu/FInance_Sentiment_Score/fin_sense/venv/lib/python3.14/site-packages/anyio/to_thread.py", line 63, in run_sync
    return await get_async_backend().run_sync_in_worker_thread(
           ^^^^^^^^^^^^^^^^^^^^^^^^^^^^^^^^^^^^^^^^^^^^^^^^^^^^
        func, args, abandon_on_cancel=abandon_on_cancel, limiter=limiter
        ^^^^^^^^^^^^^^^^^^^^^^^^^^^^^^^^^^^^^^^^^^^^^^^^^^^^^^^^^^^^^^^^
    )
    ^
  File "/home/ubuntu/FInance_Sentiment_Score/fin_sense/venv/lib/python3.14/site-packages/anyio/_backends/_asyncio.py", line 2518, in run_sync_in_worker_thread
    return await future
           ^^^^^^^^^^^^
  File "/home/ubuntu/FInance_Sentiment_Score/fin_sense/venv/lib/python3.14/site-packages/anyio/_backends/_asyncio.py", line 1002, in run
    result = context.run(func, *args)
  File "/home/ubuntu/FInance_Sentiment_Score/fin_sense/api/main.py", line 135, in stats
    conn = sqlite3.connect(DB_PATH)
sqlite3.OperationalError: unable to open database file
INFO:     127.0.0.1:48960 - "GET /predictions HTTP/1.1" 500 Internal Server Error
ERROR:    Exception in ASGI application
Traceback (most recent call last):
  File "/home/ubuntu/FInance_Sentiment_Score/fin_sense/venv/lib/python3.14/site-packages/uvicorn/protocols/http/httptools_impl.py", line 421, in run_asgi
    result = await app(  # type: ignore[func-returns-value]
             ^^^^^^^^^^^^^^^^^^^^^^^^^^^^^^^^^^^^^^^^^^^^^^
        self.scope, self.receive, self.send
        ^^^^^^^^^^^^^^^^^^^^^^^^^^^^^^^^^^^
    )
    ^
  File "/home/ubuntu/FInance_Sentiment_Score/fin_sense/venv/lib/python3.14/site-packages/uvicorn/middleware/proxy_headers.py", line 63, in __call__
    return await self.app(scope, receive, send)
           ^^^^^^^^^^^^^^^^^^^^^^^^^^^^^^^^^^^^
  File "/home/ubuntu/FInance_Sentiment_Score/fin_sense/venv/lib/python3.14/site-packages/fastapi/applications.py", line 1159, in __call__
    await super().__call__(scope, receive, send)
  File "/home/ubuntu/FInance_Sentiment_Score/fin_sense/venv/lib/python3.14/site-packages/starlette/applications.py", line 90, in __call__
    await self.middleware_stack(scope, receive, send)
  File "/home/ubuntu/FInance_Sentiment_Score/fin_sense/venv/lib/python3.14/site-packages/starlette/middleware/errors.py", line 186, in __call__
    raise exc
  File "/home/ubuntu/FInance_Sentiment_Score/fin_sense/venv/lib/python3.14/site-packages/starlette/middleware/errors.py", line 164, in __call__
    await self.app(scope, receive, _send)
  File "/home/ubuntu/FInance_Sentiment_Score/fin_sense/venv/lib/python3.14/site-packages/starlette/middleware/cors.py", line 88, in __call__
    await self.app(scope, receive, send)
  File "/home/ubuntu/FInance_Sentiment_Score/fin_sense/venv/lib/python3.14/site-packages/starlette/middleware/exceptions.py", line 63, in __call__
    await wrap_app_handling_exceptions(self.app, conn)(scope, receive, send)
  File "/home/ubuntu/FInance_Sentiment_Score/fin_sense/venv/lib/python3.14/site-packages/starlette/_exception_handler.py", line 53, in wrapped_app
    raise exc
  File "/home/ubuntu/FInance_Sentiment_Score/fin_sense/venv/lib/python3.14/site-packages/starlette/_exception_handler.py", line 42, in wrapped_app
    await app(scope, receive, sender)
  File "/home/ubuntu/FInance_Sentiment_Score/fin_sense/venv/lib/python3.14/site-packages/fastapi/middleware/asyncexitstack.py", line 18, in __call__
    await self.app(scope, receive, send)
  File "/home/ubuntu/FInance_Sentiment_Score/fin_sense/venv/lib/python3.14/site-packages/starlette/routing.py", line 660, in __call__
    await self.middleware_stack(scope, receive, send)
  File "/home/ubuntu/FInance_Sentiment_Score/fin_sense/venv/lib/python3.14/site-packages/starlette/routing.py", line 680, in app
    await route.handle(scope, receive, send)
  File "/home/ubuntu/FInance_Sentiment_Score/fin_sense/venv/lib/python3.14/site-packages/starlette/routing.py", line 276, in handle
    await self.app(scope, receive, send)
  File "/home/ubuntu/FInance_Sentiment_Score/fin_sense/venv/lib/python3.14/site-packages/fastapi/routing.py", line 134, in app
    await wrap_app_handling_exceptions(app, request)(scope, receive, send)
  File "/home/ubuntu/FInance_Sentiment_Score/fin_sense/venv/lib/python3.14/site-packages/starlette/_exception_handler.py", line 53, in wrapped_app
    raise exc
  File "/home/ubuntu/FInance_Sentiment_Score/fin_sense/venv/lib/python3.14/site-packages/starlette/_exception_handler.py", line 42, in wrapped_app
    await app(scope, receive, sender)
  File "/home/ubuntu/FInance_Sentiment_Score/fin_sense/venv/lib/python3.14/site-packages/fastapi/routing.py", line 120, in app
    response = await f(request)
               ^^^^^^^^^^^^^^^^
  File "/home/ubuntu/FInance_Sentiment_Score/fin_sense/venv/lib/python3.14/site-packages/fastapi/routing.py", line 674, in app
    raw_response = await run_endpoint_function(
                   ^^^^^^^^^^^^^^^^^^^^^^^^^^^^
    ...<3 lines>...
    )
    ^
  File "/home/ubuntu/FInance_Sentiment_Score/fin_sense/venv/lib/python3.14/site-packages/fastapi/routing.py", line 330, in run_endpoint_function
    return await run_in_threadpool(dependant.call, **values)
           ^^^^^^^^^^^^^^^^^^^^^^^^^^^^^^^^^^^^^^^^^^^^^^^^^
  File "/home/ubuntu/FInance_Sentiment_Score/fin_sense/venv/lib/python3.14/site-packages/starlette/concurrency.py", line 32, in run_in_threadpool
    return await anyio.to_thread.run_sync(func)
           ^^^^^^^^^^^^^^^^^^^^^^^^^^^^^^^^^^^^
  File "/home/ubuntu/FInance_Sentiment_Score/fin_sense/venv/lib/python3.14/site-packages/anyio/to_thread.py", line 63, in run_sync
    return await get_async_backend().run_sync_in_worker_thread(
           ^^^^^^^^^^^^^^^^^^^^^^^^^^^^^^^^^^^^^^^^^^^^^^^^^^^^
        func, args, abandon_on_cancel=abandon_on_cancel, limiter=limiter
        ^^^^^^^^^^^^^^^^^^^^^^^^^^^^^^^^^^^^^^^^^^^^^^^^^^^^^^^^^^^^^^^^
    )
    ^
  File "/home/ubuntu/FInance_Sentiment_Score/fin_sense/venv/lib/python3.14/site-packages/anyio/_backends/_asyncio.py", line 2518, in run_sync_in_worker_thread
    return await future
           ^^^^^^^^^^^^
  File "/home/ubuntu/FInance_Sentiment_Score/fin_sense/venv/lib/python3.14/site-packages/anyio/_backends/_asyncio.py", line 1002, in run
    result = context.run(func, *args)
  File "/home/ubuntu/FInance_Sentiment_Score/fin_sense/api/main.py", line 60, in get_predictions
    conn = sqlite3.connect(DB_PATH)
sqlite3.OperationalError: unable to open database file
INFO:     127.0.0.1:48968 - "GET /sentiment/trend?asset=nifty&days=7 HTTP/1.1" 500 Internal Server Error
ERROR:    Exception in ASGI application
Traceback (most recent call last):
  File "/home/ubuntu/FInance_Sentiment_Score/fin_sense/venv/lib/python3.14/site-packages/uvicorn/protocols/http/httptools_impl.py", line 421, in run_asgi
    result = await app(  # type: ignore[func-returns-value]
             ^^^^^^^^^^^^^^^^^^^^^^^^^^^^^^^^^^^^^^^^^^^^^^
        self.scope, self.receive, self.send
        ^^^^^^^^^^^^^^^^^^^^^^^^^^^^^^^^^^^
    )
    ^
  File "/home/ubuntu/FInance_Sentiment_Score/fin_sense/venv/lib/python3.14/site-packages/uvicorn/middleware/proxy_headers.py", line 63, in __call__
    return await self.app(scope, receive, send)
           ^^^^^^^^^^^^^^^^^^^^^^^^^^^^^^^^^^^^
  File "/home/ubuntu/FInance_Sentiment_Score/fin_sense/venv/lib/python3.14/site-packages/fastapi/applications.py", line 1159, in __call__
    await super().__call__(scope, receive, send)
  File "/home/ubuntu/FInance_Sentiment_Score/fin_sense/venv/lib/python3.14/site-packages/starlette/applications.py", line 90, in __call__
    await self.middleware_stack(scope, receive, send)
  File "/home/ubuntu/FInance_Sentiment_Score/fin_sense/venv/lib/python3.14/site-packages/starlette/middleware/errors.py", line 186, in __call__
    raise exc
  File "/home/ubuntu/FInance_Sentiment_Score/fin_sense/venv/lib/python3.14/site-packages/starlette/middleware/errors.py", line 164, in __call__
    await self.app(scope, receive, _send)
  File "/home/ubuntu/FInance_Sentiment_Score/fin_sense/venv/lib/python3.14/site-packages/starlette/middleware/cors.py", line 88, in __call__
    await self.app(scope, receive, send)
  File "/home/ubuntu/FInance_Sentiment_Score/fin_sense/venv/lib/python3.14/site-packages/starlette/middleware/exceptions.py", line 63, in __call__
    await wrap_app_handling_exceptions(self.app, conn)(scope, receive, send)
  File "/home/ubuntu/FInance_Sentiment_Score/fin_sense/venv/lib/python3.14/site-packages/starlette/_exception_handler.py", line 53, in wrapped_app
    raise exc
  File "/home/ubuntu/FInance_Sentiment_Score/fin_sense/venv/lib/python3.14/site-packages/starlette/_exception_handler.py", line 42, in wrapped_app
    await app(scope, receive, sender)
  File "/home/ubuntu/FInance_Sentiment_Score/fin_sense/venv/lib/python3.14/site-packages/fastapi/middleware/asyncexitstack.py", line 18, in __call__
    await self.app(scope, receive, send)
  File "/home/ubuntu/FInance_Sentiment_Score/fin_sense/venv/lib/python3.14/site-packages/starlette/routing.py", line 660, in __call__
    await self.middleware_stack(scope, receive, send)
  File "/home/ubuntu/FInance_Sentiment_Score/fin_sense/venv/lib/python3.14/site-packages/starlette/routing.py", line 680, in app
    await route.handle(scope, receive, send)
  File "/home/ubuntu/FInance_Sentiment_Score/fin_sense/venv/lib/python3.14/site-packages/starlette/routing.py", line 276, in handle
    await self.app(scope, receive, send)
  File "/home/ubuntu/FInance_Sentiment_Score/fin_sense/venv/lib/python3.14/site-packages/fastapi/routing.py", line 134, in app
    await wrap_app_handling_exceptions(app, request)(scope, receive, send)
  File "/home/ubuntu/FInance_Sentiment_Score/fin_sense/venv/lib/python3.14/site-packages/starlette/_exception_handler.py", line 53, in wrapped_app
    raise exc
  File "/home/ubuntu/FInance_Sentiment_Score/fin_sense/venv/lib/python3.14/site-packages/starlette/_exception_handler.py", line 42, in wrapped_app
    await app(scope, receive, sender)
  File "/home/ubuntu/FInance_Sentiment_Score/fin_sense/venv/lib/python3.14/site-packages/fastapi/routing.py", line 120, in app
    response = await f(request)
               ^^^^^^^^^^^^^^^^
  File "/home/ubuntu/FInance_Sentiment_Score/fin_sense/venv/lib/python3.14/site-packages/fastapi/routing.py", line 674, in app
    raw_response = await run_endpoint_function(
                   ^^^^^^^^^^^^^^^^^^^^^^^^^^^^
    ...<3 lines>...
    )
    ^
  File "/home/ubuntu/FInance_Sentiment_Score/fin_sense/venv/lib/python3.14/site-packages/fastapi/routing.py", line 330, in run_endpoint_function
    return await run_in_threadpool(dependant.call, **values)
           ^^^^^^^^^^^^^^^^^^^^^^^^^^^^^^^^^^^^^^^^^^^^^^^^^
  File "/home/ubuntu/FInance_Sentiment_Score/fin_sense/venv/lib/python3.14/site-packages/starlette/concurrency.py", line 32, in run_in_threadpool
    return await anyio.to_thread.run_sync(func)
           ^^^^^^^^^^^^^^^^^^^^^^^^^^^^^^^^^^^^
  File "/home/ubuntu/FInance_Sentiment_Score/fin_sense/venv/lib/python3.14/site-packages/anyio/to_thread.py", line 63, in run_sync
    return await get_async_backend().run_sync_in_worker_thread(
           ^^^^^^^^^^^^^^^^^^^^^^^^^^^^^^^^^^^^^^^^^^^^^^^^^^^^
        func, args, abandon_on_cancel=abandon_on_cancel, limiter=limiter
        ^^^^^^^^^^^^^^^^^^^^^^^^^^^^^^^^^^^^^^^^^^^^^^^^^^^^^^^^^^^^^^^^
    )
    ^
  File "/home/ubuntu/FInance_Sentiment_Score/fin_sense/venv/lib/python3.14/site-packages/anyio/_backends/_asyncio.py", line 2518, in run_sync_in_worker_thread
    return await future
           ^^^^^^^^^^^^
  File "/home/ubuntu/FInance_Sentiment_Score/fin_sense/venv/lib/python3.14/site-packages/anyio/_backends/_asyncio.py", line 1002, in run
    result = context.run(func, *args)
  File "/home/ubuntu/FInance_Sentiment_Score/fin_sense/api/main.py", line 93, in sentiment_trend
    conn = sqlite3.connect(DB_PATH)
sqlite3.OperationalError: unable to open database file
INFO:     127.0.0.1:48974 - "GET /news?limit=15 HTTP/1.1" 500 Internal Server Error
ERROR:    Exception in ASGI application
Traceback (most recent call last):
  File "/home/ubuntu/FInance_Sentiment_Score/fin_sense/venv/lib/python3.14/site-packages/uvicorn/protocols/http/httptools_impl.py", line 421, in run_asgi
    result = await app(  # type: ignore[func-returns-value]
             ^^^^^^^^^^^^^^^^^^^^^^^^^^^^^^^^^^^^^^^^^^^^^^
        self.scope, self.receive, self.send
        ^^^^^^^^^^^^^^^^^^^^^^^^^^^^^^^^^^^
    )
    ^
  File "/home/ubuntu/FInance_Sentiment_Score/fin_sense/venv/lib/python3.14/site-packages/uvicorn/middleware/proxy_headers.py", line 63, in __call__
    return await self.app(scope, receive, send)
           ^^^^^^^^^^^^^^^^^^^^^^^^^^^^^^^^^^^^
  File "/home/ubuntu/FInance_Sentiment_Score/fin_sense/venv/lib/python3.14/site-packages/fastapi/applications.py", line 1159, in __call__
    await super().__call__(scope, receive, send)
  File "/home/ubuntu/FInance_Sentiment_Score/fin_sense/venv/lib/python3.14/site-packages/starlette/applications.py", line 90, in __call__
    await self.middleware_stack(scope, receive, send)
  File "/home/ubuntu/FInance_Sentiment_Score/fin_sense/venv/lib/python3.14/site-packages/starlette/middleware/errors.py", line 186, in __call__
    raise exc
  File "/home/ubuntu/FInance_Sentiment_Score/fin_sense/venv/lib/python3.14/site-packages/starlette/middleware/errors.py", line 164, in __call__
    await self.app(scope, receive, _send)
  File "/home/ubuntu/FInance_Sentiment_Score/fin_sense/venv/lib/python3.14/site-packages/starlette/middleware/cors.py", line 88, in __call__
    await self.app(scope, receive, send)
  File "/home/ubuntu/FInance_Sentiment_Score/fin_sense/venv/lib/python3.14/site-packages/starlette/middleware/exceptions.py", line 63, in __call__
    await wrap_app_handling_exceptions(self.app, conn)(scope, receive, send)
  File "/home/ubuntu/FInance_Sentiment_Score/fin_sense/venv/lib/python3.14/site-packages/starlette/_exception_handler.py", line 53, in wrapped_app
    raise exc
  File "/home/ubuntu/FInance_Sentiment_Score/fin_sense/venv/lib/python3.14/site-packages/starlette/_exception_handler.py", line 42, in wrapped_app
    await app(scope, receive, sender)
  File "/home/ubuntu/FInance_Sentiment_Score/fin_sense/venv/lib/python3.14/site-packages/fastapi/middleware/asyncexitstack.py", line 18, in __call__
    await self.app(scope, receive, send)
  File "/home/ubuntu/FInance_Sentiment_Score/fin_sense/venv/lib/python3.14/site-packages/starlette/routing.py", line 660, in __call__
    await self.middleware_stack(scope, receive, send)
  File "/home/ubuntu/FInance_Sentiment_Score/fin_sense/venv/lib/python3.14/site-packages/starlette/routing.py", line 680, in app
    await route.handle(scope, receive, send)
  File "/home/ubuntu/FInance_Sentiment_Score/fin_sense/venv/lib/python3.14/site-packages/starlette/routing.py", line 276, in handle
    await self.app(scope, receive, send)
  File "/home/ubuntu/FInance_Sentiment_Score/fin_sense/venv/lib/python3.14/site-packages/fastapi/routing.py", line 134, in app
    await wrap_app_handling_exceptions(app, request)(scope, receive, send)
  File "/home/ubuntu/FInance_Sentiment_Score/fin_sense/venv/lib/python3.14/site-packages/starlette/_exception_handler.py", line 53, in wrapped_app
    raise exc
  File "/home/ubuntu/FInance_Sentiment_Score/fin_sense/venv/lib/python3.14/site-packages/starlette/_exception_handler.py", line 42, in wrapped_app
    await app(scope, receive, sender)
  File "/home/ubuntu/FInance_Sentiment_Score/fin_sense/venv/lib/python3.14/site-packages/fastapi/routing.py", line 120, in app
    response = await f(request)
               ^^^^^^^^^^^^^^^^
  File "/home/ubuntu/FInance_Sentiment_Score/fin_sense/venv/lib/python3.14/site-packages/fastapi/routing.py", line 674, in app
    raw_response = await run_endpoint_function(
                   ^^^^^^^^^^^^^^^^^^^^^^^^^^^^
    ...<3 lines>...
    )
    ^
  File "/home/ubuntu/FInance_Sentiment_Score/fin_sense/venv/lib/python3.14/site-packages/fastapi/routing.py", line 330, in run_endpoint_function
    return await run_in_threadpool(dependant.call, **values)
           ^^^^^^^^^^^^^^^^^^^^^^^^^^^^^^^^^^^^^^^^^^^^^^^^^
  File "/home/ubuntu/FInance_Sentiment_Score/fin_sense/venv/lib/python3.14/site-packages/starlette/concurrency.py", line 32, in run_in_threadpool
    return await anyio.to_thread.run_sync(func)
           ^^^^^^^^^^^^^^^^^^^^^^^^^^^^^^^^^^^^
  File "/home/ubuntu/FInance_Sentiment_Score/fin_sense/venv/lib/python3.14/site-packages/anyio/to_thread.py", line 63, in run_sync
    return await get_async_backend().run_sync_in_worker_thread(
           ^^^^^^^^^^^^^^^^^^^^^^^^^^^^^^^^^^^^^^^^^^^^^^^^^^^^
        func, args, abandon_on_cancel=abandon_on_cancel, limiter=limiter
        ^^^^^^^^^^^^^^^^^^^^^^^^^^^^^^^^^^^^^^^^^^^^^^^^^^^^^^^^^^^^^^^^
    )
    ^
  File "/home/ubuntu/FInance_Sentiment_Score/fin_sense/venv/lib/python3.14/site-packages/anyio/_backends/_asyncio.py", line 2518, in run_sync_in_worker_thread
    return await future
           ^^^^^^^^^^^^
  File "/home/ubuntu/FInance_Sentiment_Score/fin_sense/venv/lib/python3.14/site-packages/anyio/_backends/_asyncio.py", line 1002, in run
    result = context.run(func, *args)
  File "/home/ubuntu/FInance_Sentiment_Score/fin_sense/api/main.py", line 73, in get_news
    conn = sqlite3.connect(DB_PATH)
sqlite3.OperationalError: unable to open database file
INFO:     127.0.0.1:48990 - "GET /stats HTTP/1.1" 500 Internal Server Error
ERROR:    Exception in ASGI application
Traceback (most recent call last):
  File "/home/ubuntu/FInance_Sentiment_Score/fin_sense/venv/lib/python3.14/site-packages/uvicorn/protocols/http/httptools_impl.py", line 421, in run_asgi
    result = await app(  # type: ignore[func-returns-value]
             ^^^^^^^^^^^^^^^^^^^^^^^^^^^^^^^^^^^^^^^^^^^^^^
        self.scope, self.receive, self.send
        ^^^^^^^^^^^^^^^^^^^^^^^^^^^^^^^^^^^
    )
    ^
  File "/home/ubuntu/FInance_Sentiment_Score/fin_sense/venv/lib/python3.14/site-packages/uvicorn/middleware/proxy_headers.py", line 63, in __call__
    return await self.app(scope, receive, send)
           ^^^^^^^^^^^^^^^^^^^^^^^^^^^^^^^^^^^^
  File "/home/ubuntu/FInance_Sentiment_Score/fin_sense/venv/lib/python3.14/site-packages/fastapi/applications.py", line 1159, in __call__
    await super().__call__(scope, receive, send)
  File "/home/ubuntu/FInance_Sentiment_Score/fin_sense/venv/lib/python3.14/site-packages/starlette/applications.py", line 90, in __call__
    await self.middleware_stack(scope, receive, send)
  File "/home/ubuntu/FInance_Sentiment_Score/fin_sense/venv/lib/python3.14/site-packages/starlette/middleware/errors.py", line 186, in __call__
    raise exc
  File "/home/ubuntu/FInance_Sentiment_Score/fin_sense/venv/lib/python3.14/site-packages/starlette/middleware/errors.py", line 164, in __call__
    await self.app(scope, receive, _send)
  File "/home/ubuntu/FInance_Sentiment_Score/fin_sense/venv/lib/python3.14/site-packages/starlette/middleware/cors.py", line 88, in __call__
    await self.app(scope, receive, send)
  File "/home/ubuntu/FInance_Sentiment_Score/fin_sense/venv/lib/python3.14/site-packages/starlette/middleware/exceptions.py", line 63, in __call__
    await wrap_app_handling_exceptions(self.app, conn)(scope, receive, send)
  File "/home/ubuntu/FInance_Sentiment_Score/fin_sense/venv/lib/python3.14/site-packages/starlette/_exception_handler.py", line 53, in wrapped_app
    raise exc
  File "/home/ubuntu/FInance_Sentiment_Score/fin_sense/venv/lib/python3.14/site-packages/starlette/_exception_handler.py", line 42, in wrapped_app
    await app(scope, receive, sender)
  File "/home/ubuntu/FInance_Sentiment_Score/fin_sense/venv/lib/python3.14/site-packages/fastapi/middleware/asyncexitstack.py", line 18, in __call__
    await self.app(scope, receive, send)
  File "/home/ubuntu/FInance_Sentiment_Score/fin_sense/venv/lib/python3.14/site-packages/starlette/routing.py", line 660, in __call__
    await self.middleware_stack(scope, receive, send)
  File "/home/ubuntu/FInance_Sentiment_Score/fin_sense/venv/lib/python3.14/site-packages/starlette/routing.py", line 680, in app
    await route.handle(scope, receive, send)
  File "/home/ubuntu/FInance_Sentiment_Score/fin_sense/venv/lib/python3.14/site-packages/starlette/routing.py", line 276, in handle
    await self.app(scope, receive, send)
  File "/home/ubuntu/FInance_Sentiment_Score/fin_sense/venv/lib/python3.14/site-packages/fastapi/routing.py", line 134, in app
    await wrap_app_handling_exceptions(app, request)(scope, receive, send)
  File "/home/ubuntu/FInance_Sentiment_Score/fin_sense/venv/lib/python3.14/site-packages/starlette/_exception_handler.py", line 53, in wrapped_app
    raise exc
  File "/home/ubuntu/FInance_Sentiment_Score/fin_sense/venv/lib/python3.14/site-packages/starlette/_exception_handler.py", line 42, in wrapped_app
    await app(scope, receive, sender)
  File "/home/ubuntu/FInance_Sentiment_Score/fin_sense/venv/lib/python3.14/site-packages/fastapi/routing.py", line 120, in app
    response = await f(request)
               ^^^^^^^^^^^^^^^^
  File "/home/ubuntu/FInance_Sentiment_Score/fin_sense/venv/lib/python3.14/site-packages/fastapi/routing.py", line 674, in app
    raw_response = await run_endpoint_function(
                   ^^^^^^^^^^^^^^^^^^^^^^^^^^^^
    ...<3 lines>...
    )
    ^
  File "/home/ubuntu/FInance_Sentiment_Score/fin_sense/venv/lib/python3.14/site-packages/fastapi/routing.py", line 330, in run_endpoint_function
    return await run_in_threadpool(dependant.call, **values)
           ^^^^^^^^^^^^^^^^^^^^^^^^^^^^^^^^^^^^^^^^^^^^^^^^^
  File "/home/ubuntu/FInance_Sentiment_Score/fin_sense/venv/lib/python3.14/site-packages/starlette/concurrency.py", line 32, in run_in_threadpool
    return await anyio.to_thread.run_sync(func)
           ^^^^^^^^^^^^^^^^^^^^^^^^^^^^^^^^^^^^
  File "/home/ubuntu/FInance_Sentiment_Score/fin_sense/venv/lib/python3.14/site-packages/anyio/to_thread.py", line 63, in run_sync
    return await get_async_backend().run_sync_in_worker_thread(
           ^^^^^^^^^^^^^^^^^^^^^^^^^^^^^^^^^^^^^^^^^^^^^^^^^^^^
        func, args, abandon_on_cancel=abandon_on_cancel, limiter=limiter
        ^^^^^^^^^^^^^^^^^^^^^^^^^^^^^^^^^^^^^^^^^^^^^^^^^^^^^^^^^^^^^^^^
    )
    ^
  File "/home/ubuntu/FInance_Sentiment_Score/fin_sense/venv/lib/python3.14/site-packages/anyio/_backends/_asyncio.py", line 2518, in run_sync_in_worker_thread
    return await future
           ^^^^^^^^^^^^
  File "/home/ubuntu/FInance_Sentiment_Score/fin_sense/venv/lib/python3.14/site-packages/anyio/_backends/_asyncio.py", line 1002, in run
    result = context.run(func, *args)
  File "/home/ubuntu/FInance_Sentiment_Score/fin_sense/api/main.py", line 135, in stats
    conn = sqlite3.connect(DB_PATH)
sqlite3.OperationalError: unable to open database file
